============================= test session starts =============================
platform win32 -- Python 3.13.7, pytest-8.4.2, pluggy-1.6.0
rootdir: C:\Users\usuario\Documents\mini-php-lexical-analyser
collected 66 items

tests\test_tokens.py ................................................... [ 77%]
...............                                                          [100%]

============================= 66 passed in 0.13s ==============================
